// Jest Snapshot v1, https://goo.gl/fbAQLP

exports[`Platform PlayerStatistic Test Suite Should return playerStats of existing player 1`] = `
Object {
  "gamesDistribution": Object {
    "aborted": 2,
    "lost4": 0,
    "lost6": 0,
    "running": 2,
    "teamAborted": 0,
    "teamWon": 2,
    "won4": 1,
    "won6": 0,
  },
  "history": Array [
    "coop",
    "coop",
    "won",
    "running",
    "running",
    "aborted",
    "aborted",
  ],
  "hof": Array [
    "verlag",
  ],
  "people": Object {
    "UserB": Array [
      0,
      0,
      1,
      1,
      3,
    ],
    "UserC": Array [
      1,
      1,
      0,
      0,
      3,
    ],
    "UserD": Array [
      0,
      0,
      1,
      1,
      3,
    ],
    "UserE": Array [
      0,
      0,
      0,
      0,
      1,
    ],
    "UserF": Array [
      0,
      0,
      0,
      0,
      1,
    ],
  },
  "players": Object {
    "bestPartner": "UserC",
    "mostFrequent": "UserB",
    "worstEnemy": "UserB",
  },
  "subscriber": false,
  "table": Array [
    100,
    48,
    92,
    85,
    74,
    89,
    60,
  ],
  "userDescription": "",
}
`;

exports[`Platform PlayerStatistic Test Suite Should return tournamentParticipations of existing player 1`] = `
Array [
  Object {
    "date": "2022-01-01T00:10:00.000Z",
    "exitRound": 2,
    "id": 1,
    "placement": 2,
    "team": Object {
      "name": "TeamA",
      "playerids": Array [
        1,
        2,
      ],
      "players": Array [
        "UserA",
        "UserB",
      ],
    },
    "title": "TournamentA",
    "totalRounds": 2,
  },
]
`;

exports[`Platform PlayerStatistic Test Suite Should return userGraph of existing player 1`] = `
Object {
  "graph": Object {
    "edges": Array [
      Object {
        "data": Object {
          "id": "e0",
          "source": "1",
          "target": "2",
          "together": false,
          "weight": 1,
        },
      },
      Object {
        "data": Object {
          "id": "e1",
          "source": "1",
          "target": "3",
          "together": true,
          "weight": 0.6666666666666666,
        },
      },
      Object {
        "data": Object {
          "id": "e2",
          "source": "1",
          "target": "4",
          "together": false,
          "weight": 0.6666666666666666,
        },
      },
      Object {
        "data": Object {
          "id": "e3",
          "source": "2",
          "target": "3",
          "together": false,
          "weight": 1,
        },
      },
      Object {
        "data": Object {
          "id": "e4",
          "source": "2",
          "target": "4",
          "together": true,
          "weight": 0.6666666666666666,
        },
      },
      Object {
        "data": Object {
          "id": "e5",
          "source": "3",
          "target": "4",
          "together": false,
          "weight": 1,
        },
      },
      Object {
        "data": Object {
          "id": "e6",
          "source": "1",
          "target": "3",
          "together": false,
          "weight": 0.3333333333333333,
        },
      },
      Object {
        "data": Object {
          "id": "e7",
          "source": "1",
          "target": "4",
          "together": true,
          "weight": 0.3333333333333333,
        },
      },
      Object {
        "data": Object {
          "id": "e8",
          "source": "1",
          "target": "5",
          "together": false,
          "weight": 0.3333333333333333,
        },
      },
      Object {
        "data": Object {
          "id": "e9",
          "source": "1",
          "target": "6",
          "together": false,
          "weight": 0.3333333333333333,
        },
      },
      Object {
        "data": Object {
          "id": "e10",
          "source": "2",
          "target": "4",
          "together": false,
          "weight": 0.3333333333333333,
        },
      },
      Object {
        "data": Object {
          "id": "e11",
          "source": "2",
          "target": "5",
          "together": true,
          "weight": 0.3333333333333333,
        },
      },
      Object {
        "data": Object {
          "id": "e12",
          "source": "2",
          "target": "6",
          "together": false,
          "weight": 0.3333333333333333,
        },
      },
      Object {
        "data": Object {
          "id": "e13",
          "source": "3",
          "target": "5",
          "together": false,
          "weight": 0.3333333333333333,
        },
      },
      Object {
        "data": Object {
          "id": "e14",
          "source": "3",
          "target": "6",
          "together": true,
          "weight": 0.3333333333333333,
        },
      },
      Object {
        "data": Object {
          "id": "e15",
          "source": "4",
          "target": "5",
          "together": false,
          "weight": 0.3333333333333333,
        },
      },
      Object {
        "data": Object {
          "id": "e16",
          "source": "4",
          "target": "6",
          "together": false,
          "weight": 0.3333333333333333,
        },
      },
      Object {
        "data": Object {
          "id": "e17",
          "source": "5",
          "target": "6",
          "together": false,
          "weight": 0.3333333333333333,
        },
      },
    ],
    "nodes": Array [
      Object {
        "data": Object {
          "id": "1",
          "idInt": 1,
          "name": "UserA",
          "score": 1,
        },
      },
      Object {
        "data": Object {
          "id": "2",
          "idInt": 2,
          "name": "UserB",
          "score": 1,
        },
      },
      Object {
        "data": Object {
          "id": "3",
          "idInt": 3,
          "name": "UserC",
          "score": 1,
        },
      },
      Object {
        "data": Object {
          "id": "4",
          "idInt": 4,
          "name": "UserD",
          "score": 1,
        },
      },
      Object {
        "data": Object {
          "id": "5",
          "idInt": 5,
          "name": "UserE",
          "score": 0.3333333333333333,
        },
      },
      Object {
        "data": Object {
          "id": "6",
          "idInt": 6,
          "name": "UserF",
          "score": 0.3333333333333333,
        },
      },
    ],
  },
  "people": Object {
    "UserB": Array [
      0,
      0,
      1,
      1,
      3,
    ],
    "UserC": Array [
      1,
      1,
      0,
      0,
      3,
    ],
    "UserD": Array [
      0,
      0,
      1,
      1,
      3,
    ],
    "UserE": Array [
      0,
      0,
      0,
      0,
      1,
    ],
    "UserF": Array [
      0,
      0,
      0,
      0,
      1,
    ],
  },
}
`;
